CDFCI energy-correction experiment suite
mode=large
project=/home/yjzhang/codes/cdfci/perturbation/CDFCI
output=/home/yjzhang/codes/cdfci/perturbation/CDFCI/experiment_results/energy_correction/988520
openmp_threads=64
slurm_submit_dir=/home/yjzhang/codes/cdfci/perturbation/CDFCI
started=2026-10-01 14:47:27 +0000
numpy 2.1.1 matplotlib 3.10.0
-- Eigen3 was not found; fetching Eigen 3.4.0
-- Configuring done
-- Generating done
-- Build files have been written to: /home/yjzhang/codes/cdfci/perturbation/CDFCI/build_experiments
Consolidate compiler generated dependencies of target cdfci_energy_correction_benchmark_omp
[100%] Built target cdfci_energy_correction_benchmark_omp
system=n2_ccpvdz fcidump=/home/yjzhang/codes/cdfci/perturbation/CDFCI/data/n2_ccpvdz_psi4.FCIDUMP iterations=2200000 reference_energy=-109.2821730115
Warning: FCIDUMP optional parameter stoi Use default value empty vector.

Saved benchmark: /home/yjzhang/codes/cdfci/perturbation/CDFCI/experiment_results/energy_correction/988520/n2_ccpvdz/05_large_scale_with_timings.json
{
  "fcidump": "/home/yjzhang/codes/cdfci/perturbation/CDFCI/data/n2_ccpvdz_psi4.FCIDUMP",
  "spatial_orbitals": 28,
  "spin_orbitals": 56,
  "electrons": 14,
  "fixed_ms_determinant_dimension": "1401950721600",
  "reference_energy": -109.2821730115,
  "reference_kind": "supplied",
  "trajectory_stored_reference_energy": -109.2821730115,
  "reference_iterations": null,
  "reference_tail_energy_change": null,
  "trajectory_points": 220,
  "plot_reference_resolution_floor_hartree": 1e-07,
  "invalid_correction_points": 0,
  "improved_point_fraction": 1.0,
  "overshoot_points": 121,
  "first_overshoot_iteration": 1000000,
  "median_relative_runtime_overhead": 0.6597680350343839,
  "paired_relative_runtime_overheads": [
    0.6597680350343839
  ],
  "trajectory_overhead_definition": "(corrected wall time - raw wall time) / corrected wall time",
  "final_cumulative_trajectory_overhead": 0.39776349541949185,
  "direct_correction_seconds": 6591.097377829998,
  "direct_relative_runtime_overhead": 0.3553487168786392,
  "max_paired_variational_energy_difference": 2.0778415432687325e-08,
  "target_tolerances": [
    {
      "tolerance_hartree": 0.001,
      "raw_iteration": 10000,
      "corrected_iteration": 10000,
      "raw_hamiltonian_columns": 639937,
      "corrected_hamiltonian_columns": 639937,
      "raw_wall_seconds": 75.378307688,
      "corrected_wall_seconds": 80.016974676,
      "iteration_speedup": 1.0,
      "wall_time_speedup": 0.9420289631446,
      "reference_tail_below_tenth_tolerance": "unknown"
    },
    {
      "tolerance_hartree": 0.0001,
      "raw_iteration": 90000,
      "corrected_iteration": 10000,
      "raw_hamiltonian_columns": 5759937,
      "corrected_hamiltonian_columns": 639937,
      "raw_wall_seconds": 650.020847458,
      "corrected_wall_seconds": 80.016974676,
      "iteration_speedup": 9.0,
      "wall_time_speedup": 8.123536913136569,
      "reference_tail_below_tenth_tolerance": "unknown"
    },
    {
      "tolerance_hartree": 1e-05,
      "raw_iteration": 530000,
      "corrected_iteration": 20000,
      "raw_hamiltonian_columns": 33919937,
      "corrected_hamiltonian_columns": 1279937,
      "raw_wall_seconds": 3749.43457989,
      "corrected_wall_seconds": 159.61302813,
      "iteration_speedup": 26.5,
      "wall_time_speedup": 23.490780319236837,
      "reference_tail_below_tenth_tolerance": "unknown"
    },
    {
      "tolerance_hartree": 1e-06,
      "raw_iteration": 2100000,
      "corrected_iteration": 130000,
      "raw_hamiltonian_columns": 134399937,
      "corrected_hamiltonian_columns": 8319937,
      "raw_wall_seconds": 14460.381658286,
      "corrected_wall_seconds": 1062.30276547,
      "iteration_speedup": 16.153846153846153,
      "wall_time_speedup": 13.612297857370464,
      "reference_tail_below_tenth_tolerance": "unknown"
    }
  ]
}
{
  "systems": [
    {
      "system": "n2_ccpvdz",
      "spatial_orbitals": 28,
      "spin_orbitals": 56,
      "electrons": 14,
      "fixed_ms_determinant_dimension": "1401950721600",
      "reference_energy": -109.2821730115,
      "reference_iterations": null,
      "reference_tail_energy_change": null,
      "improved_point_fraction": 1.0,
      "overshoot_points": 121,
      "invalid_correction_points": 0,
      "direct_relative_runtime_overhead": 0.3553487168786392,
      "final_cumulative_trajectory_overhead": 0.39776349541949185,
      "median_paired_runtime_overhead": 0.6597680350343839
    }
  ],
  "target_tolerances": [
    {
      "system": "n2_ccpvdz",
      "tolerance_hartree": 0.001,
      "raw_iteration": 10000,
      "corrected_iteration": 10000,
      "raw_hamiltonian_columns": 639937,
      "corrected_hamiltonian_columns": 639937,
      "raw_wall_seconds": 75.378307688,
      "corrected_wall_seconds": 80.016974676,
      "iteration_speedup": 1.0,
      "wall_time_speedup": 0.9420289631446,
      "reference_tail_below_tenth_tolerance": "unknown"
    },
    {
      "system": "n2_ccpvdz",
      "tolerance_hartree": 0.0001,
      "raw_iteration": 90000,
      "corrected_iteration": 10000,
      "raw_hamiltonian_columns": 5759937,
      "corrected_hamiltonian_columns": 639937,
      "raw_wall_seconds": 650.020847458,
      "corrected_wall_seconds": 80.016974676,
      "iteration_speedup": 9.0,
      "wall_time_speedup": 8.123536913136569,
      "reference_tail_below_tenth_tolerance": "unknown"
    },
    {
      "system": "n2_ccpvdz",
      "tolerance_hartree": 1e-05,
      "raw_iteration": 530000,
      "corrected_iteration": 20000,
      "raw_hamiltonian_columns": 33919937,
      "corrected_hamiltonian_columns": 1279937,
      "raw_wall_seconds": 3749.43457989,
      "corrected_wall_seconds": 159.61302813,
      "iteration_speedup": 26.5,
      "wall_time_speedup": 23.490780319236837,
      "reference_tail_below_tenth_tolerance": "unknown"
    },
    {
      "system": "n2_ccpvdz",
      "tolerance_hartree": 1e-06,
      "raw_iteration": 2100000,
      "corrected_iteration": 130000,
      "raw_hamiltonian_columns": 134399937,
      "corrected_hamiltonian_columns": 8319937,
      "raw_wall_seconds": 14460.381658286,
      "corrected_wall_seconds": 1062.30276547,
      "iteration_speedup": 16.153846153846153,
      "wall_time_speedup": 13.612297857370464,
      "reference_tail_below_tenth_tolerance": "unknown"
    }
  ]
}
finished=2026-10-02 02:00:17 +0000
results=/home/yjzhang/codes/cdfci/perturbation/CDFCI/experiment_results/energy_correction/988520
