started=2026-10-10 00:46:46 +0000
system=c2_ccpvdz partition=partition node=bigMem5 threads=64 coordinates=64
iterations=800000 interval=10000 z_threshold=3e-8 max_wavefunction_size=1696512081 reference_energy=-75.7319603747
app=/home/yjzhang/codes/cdfci/perturbation/CDFCI/build_experiments/three-way-cd30332.Ed4053/cdfci_energy_correction_benchmark_omp output=/home/yjzhang/codes/cdfci/perturbation/CDFCI/experiment_results/energy_correction/1007783/c2_ccpvdz
[Benchmark] raw CDFCI iterations=200
CDFCI calculation
-----------------
Reference determinant occupied spin-orbitals:
0  1  2  3  4  5  30  31  32  33  50  51  
Reference energy: -75.4168819660

Iteration                Energy                 PT2               Olsen               Ecorr                dx          |x|_0          |z|_0      Time
200              -75.7011813893    0.0000000000e+00    0.0000000000e+00        0.0000000000        7.6057e-02           6916        7687302      1.44
Final FCI Energy:           -75.7011813893012686
Iterations: 200
     Energy Estimate: 0.00 seconds
Wave Function Update: 1.12 seconds
   Coordinate Update: 0.09 seconds
     Coordinate Pick: 0.23 seconds
[Benchmark] raw CDFCI iterations=800000
CDFCI calculation
-----------------
Reference determinant occupied spin-orbitals:
0  1  2  3  4  5  30  31  32  33  50  51  
Reference energy: -75.4168819660

Iteration                Energy                 PT2               Olsen               Ecorr                dx          |x|_0          |z|_0      Time
10000            -75.7314691347    0.0000000000e+00    0.0000000000e+00        0.0000000000        8.8153e-04         598226      241089425     52.00
20000            -75.7317416346    0.0000000000e+00    0.0000000000e+00        0.0000000000        4.1047e-04        1209981      373728376    103.45
30000            -75.7318288296    0.0000000000e+00    0.0000000000e+00        0.0000000000        2.2036e-04        1821816      475160631    153.75
40000            -75.7318699860    0.0000000000e+00    0.0000000000e+00        0.0000000000        1.9529e-04        2432508      558312717    204.02
50000            -75.7318932596    0.0000000000e+00    0.0000000000e+00        0.0000000000        1.5527e-04        3042964      628663318    254.16
60000            -75.7319079805    0.0000000000e+00    0.0000000000e+00        0.0000000000        1.1422e-04        3653941      688994083    303.66
70000            -75.7319180176    0.0000000000e+00    0.0000000000e+00        0.0000000000        8.0405e-05        4264652      741544715    353.13
80000            -75.7319252301    0.0000000000e+00    0.0000000000e+00        0.0000000000        8.7253e-05        4875498      788192639    402.59
90000            -75.7319306370    0.0000000000e+00    0.0000000000e+00        0.0000000000        6.2182e-05        5486091      829373552    451.77
100000           -75.7319348092    0.0000000000e+00    0.0000000000e+00        0.0000000000        6.2787e-05        6096855      866086176    500.81
110000           -75.7319381156    0.0000000000e+00    0.0000000000e+00        0.0000000000        5.7627e-05        6707112      898790562    549.60
120000           -75.7319407859    0.0000000000e+00    0.0000000000e+00        0.0000000000        3.8862e-05        7316909      928076751    598.64
130000           -75.7319429749    0.0000000000e+00    0.0000000000e+00        0.0000000000        3.4579e-05        7927085      954591800    647.34
140000           -75.7319447993    0.0000000000e+00    0.0000000000e+00        0.0000000000        3.8539e-05        8536851      978539902    695.99
150000           -75.7319463377    0.0000000000e+00    0.0000000000e+00        0.0000000000        2.6029e-05        9146544     1000252903    744.39
160000           -75.7319476457    0.0000000000e+00    0.0000000000e+00        0.0000000000        3.0459e-05        9756491     1019921451    792.96
170000           -75.7319487733    0.0000000000e+00    0.0000000000e+00        0.0000000000        2.2535e-05       10365875     1037687902    841.37
180000           -75.7319497509    0.0000000000e+00    0.0000000000e+00        0.0000000000        2.6304e-05       10975817     1053874562    889.62
190000           -75.7319506045    0.0000000000e+00    0.0000000000e+00        0.0000000000        2.4754e-05       11585300     1068437643    937.91
200000           -75.7319513570    0.0000000000e+00    0.0000000000e+00        0.0000000000        2.4545e-05       12194371     1081406555    986.01
210000           -75.7319520211    0.0000000000e+00    0.0000000000e+00        0.0000000000        2.2162e-05       12803689     1093041926   1033.96
220000           -75.7319526149    0.0000000000e+00    0.0000000000e+00        0.0000000000        2.1608e-05       13412454     1103582804   1081.85
230000           -75.7319531458    0.0000000000e+00    0.0000000000e+00        0.0000000000        1.9079e-05       14020828     1113085167   1129.91
240000           -75.7319536206    0.0000000000e+00    0.0000000000e+00        0.0000000000        1.8612e-05       14629824     1121753856   1177.95
250000           -75.7319540499    0.0000000000e+00    0.0000000000e+00        0.0000000000        1.9040e-05       15238095     1129527895   1225.83
260000           -75.7319544385    0.0000000000e+00    0.0000000000e+00        0.0000000000        1.3732e-05       15846458     1136702271   1273.68
270000           -75.7319547915    0.0000000000e+00    0.0000000000e+00        0.0000000000        1.3655e-05       16454326     1143227316   1321.69
280000           -75.7319551118    0.0000000000e+00    0.0000000000e+00        0.0000000000        1.2146e-05       17062693     1149249504   1369.59
290000           -75.7319554051    0.0000000000e+00    0.0000000000e+00        0.0000000000        1.3350e-05       17670911     1154812826   1417.17
300000           -75.7319556742    0.0000000000e+00    0.0000000000e+00        0.0000000000        1.5522e-05       18278650     1159895462   1464.87
310000           -75.7319559217    0.0000000000e+00    0.0000000000e+00        0.0000000000        1.0571e-05       18885793     1164530718   1512.41
320000           -75.7319561490    0.0000000000e+00    0.0000000000e+00        0.0000000000        1.0026e-05       19493942     1168782480   1560.20
330000           -75.7319563598    0.0000000000e+00    0.0000000000e+00        0.0000000000        9.8792e-06       20100997     1172665006   1607.74
340000           -75.7319565549    0.0000000000e+00    0.0000000000e+00        0.0000000000        1.0124e-05       20708351     1176230702   1655.35
350000           -75.7319567360    0.0000000000e+00    0.0000000000e+00        0.0000000000        1.1333e-05       21315122     1179505791   1702.77
360000           -75.7319569039    0.0000000000e+00    0.0000000000e+00        0.0000000000        1.0585e-05       21922092     1182481615   1750.51
370000           -75.7319570606    0.0000000000e+00    0.0000000000e+00        0.0000000000        1.0093e-05       22528880     1185210688   1797.99
380000           -75.7319572067    0.0000000000e+00    0.0000000000e+00        0.0000000000        1.0391e-05       23135560     1187696007   1845.33
390000           -75.7319573430    0.0000000000e+00    0.0000000000e+00        0.0000000000        8.9283e-06       23742789     1189970339   1892.66
400000           -75.7319574711    0.0000000000e+00    0.0000000000e+00        0.0000000000        6.1874e-06       24349149     1192057075   1940.32
410000           -75.7319575914    0.0000000000e+00    0.0000000000e+00        0.0000000000        6.4784e-06       24955770     1193964868   1987.79
420000           -75.7319577039    0.0000000000e+00    0.0000000000e+00        0.0000000000        8.2936e-06       25562468     1195679552   2034.92
430000           -75.7319578097    0.0000000000e+00    0.0000000000e+00        0.0000000000        8.1536e-06       26169101     1197218118   2082.24
440000           -75.7319579090    0.0000000000e+00    0.0000000000e+00        0.0000000000        6.5993e-06       26775796     1198595217   2129.35
450000           -75.7319580030    0.0000000000e+00    0.0000000000e+00        0.0000000000        6.9862e-06       27382156     1199853606   2176.77
460000           -75.7319580919    0.0000000000e+00    0.0000000000e+00        0.0000000000        9.2739e-06       27988175     1200986049   2224.01
470000           -75.7319581759    0.0000000000e+00    0.0000000000e+00        0.0000000000        7.7438e-06       28594487     1202026614   2271.13
480000           -75.7319582553    0.0000000000e+00    0.0000000000e+00        0.0000000000        8.5990e-06       29200191     1202973667   2318.28
490000           -75.7319583304    0.0000000000e+00    0.0000000000e+00        0.0000000000        4.7063e-06       29806454     1203847353   2365.67
500000           -75.7319584020    0.0000000000e+00    0.0000000000e+00        0.0000000000        5.6360e-06       30411903     1204657255   2412.86
510000           -75.7319584695    0.0000000000e+00    0.0000000000e+00        0.0000000000        5.4719e-06       31017959     1205400061   2459.89
520000           -75.7319585336    0.0000000000e+00    0.0000000000e+00        0.0000000000        5.9225e-06       31624252     1206088255   2507.04
530000           -75.7319585948    0.0000000000e+00    0.0000000000e+00        0.0000000000        6.7796e-06       32230019     1206734834   2554.08
540000           -75.7319586529    0.0000000000e+00    0.0000000000e+00        0.0000000000        5.3361e-06       32836008     1207340536   2601.50
550000           -75.7319587084    0.0000000000e+00    0.0000000000e+00        0.0000000000        5.5165e-06       33441576     1207908041   2648.72
560000           -75.7319587612    0.0000000000e+00    0.0000000000e+00        0.0000000000        5.8645e-06       34047509     1208437625   2695.83
570000           -75.7319588117    0.0000000000e+00    0.0000000000e+00        0.0000000000        5.7102e-06       34652947     1208936134   2742.88
580000           -75.7319588599    0.0000000000e+00    0.0000000000e+00        0.0000000000        6.8184e-06       35257914     1209400546   2789.94
590000           -75.7319589058    0.0000000000e+00    0.0000000000e+00        0.0000000000        5.1512e-06       35863324     1209842558   2837.18
600000           -75.7319589497    0.0000000000e+00    0.0000000000e+00        0.0000000000        4.0882e-06       36468795     1210270415   2884.09
610000           -75.7319589921    0.0000000000e+00    0.0000000000e+00        0.0000000000        4.8764e-06       37073678     1210689093   2931.09
620000           -75.7319590322    0.0000000000e+00    0.0000000000e+00        0.0000000000        4.4277e-06       37679446     1211097238   2978.08
630000           -75.7319590709    0.0000000000e+00    0.0000000000e+00        0.0000000000        3.5837e-06       38284269     1211495748   3025.34
640000           -75.7319591080    0.0000000000e+00    0.0000000000e+00        0.0000000000        5.1410e-06       38889680     1211896836   3072.40
650000           -75.7319591435    0.0000000000e+00    0.0000000000e+00        0.0000000000        4.1891e-06       39494204     1212291955   3119.41
660000           -75.7319591777    0.0000000000e+00    0.0000000000e+00        0.0000000000        5.2925e-06       40099052     1212682059   3166.46
670000           -75.7319592103    0.0000000000e+00    0.0000000000e+00        0.0000000000        4.5589e-06       40704471     1213069499   3213.50
680000           -75.7319592419    0.0000000000e+00    0.0000000000e+00        0.0000000000        3.4899e-06       41308930     1213451672   3260.87
690000           -75.7319592722    0.0000000000e+00    0.0000000000e+00        0.0000000000        4.1755e-06       41913553     1213830749   3307.79
700000           -75.7319593012    0.0000000000e+00    0.0000000000e+00        0.0000000000        4.3293e-06       42518647     1214201228   3354.86
710000           -75.7319593293    0.0000000000e+00    0.0000000000e+00        0.0000000000        3.5947e-06       43123224     1214565106   3401.91
720000           -75.7319593563    0.0000000000e+00    0.0000000000e+00        0.0000000000        3.0047e-06       43727708     1214911887   3448.86
730000           -75.7319593823    0.0000000000e+00    0.0000000000e+00        0.0000000000        4.2073e-06       44331793     1215240456   3496.07
740000           -75.7319594074    0.0000000000e+00    0.0000000000e+00        0.0000000000        3.6092e-06       44936230     1215556198   3542.97
750000           -75.7319594316    0.0000000000e+00    0.0000000000e+00        0.0000000000        3.5177e-06       45540339     1215854869   3589.85
760000           -75.7319594549    0.0000000000e+00    0.0000000000e+00        0.0000000000        5.0337e-06       46144762     1216137541   3636.73
770000           -75.7319594774    0.0000000000e+00    0.0000000000e+00        0.0000000000        3.3737e-06       46749020     1216402962   3683.89
780000           -75.7319594991    0.0000000000e+00    0.0000000000e+00        0.0000000000        3.0550e-06       47352914     1216654145   3730.78
790000           -75.7319595201    0.0000000000e+00    0.0000000000e+00        0.0000000000        3.1535e-06       47957022     1216891188   3777.69
800000           -75.7319595404    0.0000000000e+00    0.0000000000e+00        0.0000000000        2.3393e-06       48561211     1217110682   3824.53
Final FCI Energy:           -75.7319595404403145
Iterations: 800000
     Energy Estimate: 0.21 seconds
Wave Function Update: 2637.29 seconds
   Coordinate Update: 339.05 seconds
     Coordinate Pick: 845.83 seconds
[Benchmark] IP/PT2+Olsen iterations=800000
CDFCI calculation
-----------------
Reference determinant occupied spin-orbitals:
0  1  2  3  4  5  30  31  32  33  50  51  
Reference energy: -75.4168819660

Iteration                Energy                 PT2               Olsen               Ecorr                dx          |x|_0          |z|_0      Time
10000            -75.7314691347   -4.3245402361e-04   -2.9159001328e-05      -75.7319307478        8.8153e-04         598226      241089425     55.52
20000            -75.7317416346   -1.9256473652e-04   -1.4144708780e-05      -75.7319483441        4.1047e-04        1209981      373728376    110.16
30000            -75.7318288296   -1.1561460171e-04   -9.1373639344e-06      -75.7319535816        2.2036e-04        1821816      475160631    165.03
40000            -75.7318699860   -7.9436590714e-05   -6.4938316686e-06      -75.7319559164        1.9529e-04        2432508      558312717    219.31
50000            -75.7318932596   -5.9003839861e-05   -4.9420274091e-06      -75.7319572054        1.5527e-04        3042964      628663318    273.95
60000            -75.7319079805   -4.6049286230e-05   -3.9503921041e-06      -75.7319579801        1.1422e-04        3653941      688994083    328.07
70000            -75.7319180148   -3.7218727902e-05   -3.2605644462e-06      -75.7319584941        1.0181e-04        4264700      741529653    382.10
80000            -75.7319252312   -3.0867006343e-05   -2.7478290277e-06      -75.7319588461        7.4058e-05        4875510      788201706    436.26
90000            -75.7319306384   -2.6116011621e-05   -2.3618129747e-06      -75.7319591163        4.7820e-05        5486080      829409999    490.23
100000           -75.7319348094   -2.2444969647e-05   -2.0607544944e-06      -75.7319593151        4.3285e-05        6096839      866078123    544.52
110000           -75.7319381148   -1.9542594616e-05   -1.8174521344e-06      -75.7319594749        4.0185e-05        6707019      898751479    598.34
120000           -75.7319407836   -1.7199706500e-05   -1.6181776596e-06      -75.7319596015        4.3561e-05        7316959      928017650    652.68
130000           -75.7319429736   -1.5270944210e-05   -1.4526319991e-06      -75.7319596972        4.3312e-05        7927056      954595143    706.51
140000           -75.7319447983   -1.3670780715e-05   -1.3126157113e-06      -75.7319597817        3.4875e-05        8536748      978487017    760.33
150000           -75.7319463387   -1.2317117650e-05   -1.1936720981e-06      -75.7319598495        3.5825e-05        9146490     1000269662    814.25
160000           -75.7319476452   -1.1168237278e-05   -1.0932693389e-06      -75.7319599067        3.2326e-05        9756450     1019912567    867.74
170000           -75.7319487725   -1.0179028330e-05   -1.0053595918e-06      -75.7319599568        2.5283e-05       10366003     1037681375    921.43
180000           -75.7319497506   -9.3184863837e-06   -9.2977013403e-07      -75.7319599988        2.6340e-05       10975898     1053889544    975.33
190000           -75.7319506051   -8.5695043078e-06   -8.6188085549e-07      -75.7319600364        2.4840e-05       11585084     1068426287   1028.58
200000           -75.7319513566   -7.9099937358e-06   -8.0228678959e-07      -75.7319600689        1.8255e-05       12194487     1081422583   1082.37
210000           -75.7319520210   -7.3263311285e-06   -7.4859939421e-07      -75.7319600960        1.8861e-05       12803742     1093050505   1135.81
220000           -75.7319526147   -6.8066380262e-06   -7.0016630371e-07      -75.7319601215        2.5155e-05       13412480     1103584332   1189.42
230000           -75.7319531456   -6.3423699278e-06   -6.5634208591e-07      -75.7319601443        2.3058e-05       14020878     1113080576   1244.32
240000           -75.7319536205   -5.9257885481e-06   -6.1748742771e-07      -75.7319601638        1.8093e-05       14629626     1121723929   1298.54
250000           -75.7319540497   -5.5496788909e-06   -5.8173540768e-07      -75.7319601811        1.7868e-05       15238065     1129536138   1353.16
260000           -75.7319544385   -5.2095945155e-06   -5.4949045907e-07      -75.7319601976        1.8300e-05       15846403     1136702010   1407.37
270000           -75.7319547918   -4.9012630703e-06   -5.1950552323e-07      -75.7319602125        1.4815e-05       16454271     1143228601   1461.49
280000           -75.7319551113   -4.6210411357e-06   -4.9256440318e-07      -75.7319602249        1.4500e-05       17062774     1149230619   1516.81
290000           -75.7319554051   -4.3638833353e-06   -4.6747267191e-07      -75.7319602365        1.5139e-05       17670827     1154809516   1571.94
300000           -75.7319556743   -4.1289916290e-06   -4.4440061577e-07      -75.7319602477        1.3331e-05       18278636     1159893917   1627.12
310000           -75.7319559213   -3.9132667689e-06   -4.2302082506e-07      -75.7319602575        1.2904e-05       18886008     1164533079   1682.43
320000           -75.7319561491   -3.7142832370e-06   -4.0319221238e-07      -75.7319602666        1.1070e-05       19493555     1168769170   1738.06
330000           -75.7319563601   -3.5305758438e-06   -3.8473640766e-07      -75.7319602754        9.7264e-06       20100746     1172664188   1793.53
340000           -75.7319565549   -3.3601882196e-06   -3.6772617975e-07      -75.7319602828        7.9003e-06       20708330     1176234483   1848.80
350000           -75.7319567361   -3.2022827079e-06   -3.5168425390e-07      -75.7319602900        1.1661e-05       21315050     1179504858   1904.57
360000           -75.7319569042   -3.0556325547e-06   -3.3664301775e-07      -75.7319602964        8.3133e-06       21921856     1182482542   1959.80
370000           -75.7319570607   -2.9192572057e-06   -3.2268132536e-07      -75.7319603027        1.0901e-05       22528684     1185205196   2015.59
380000           -75.7319572066   -2.7919300837e-06   -3.0955291610e-07      -75.7319603081        1.0364e-05       23135503     1187691316   2071.02
390000           -75.7319573431   -2.6727530641e-06   -2.9747038814e-07      -75.7319603133        8.0532e-06       23742496     1189964785   2126.23
400000           -75.7319574712   -2.5612886856e-06   -2.8594646364e-07      -75.7319603184        8.3750e-06       24349072     1192053818   2181.92
410000           -75.7319575912   -2.4565931130e-06   -2.7520362019e-07      -75.7319603230        6.5656e-06       24955882     1193962749   2237.08
420000           -75.7319577035   -2.3584391009e-06   -2.6511214742e-07      -75.7319603271        6.3422e-06       25562856     1195675570   2292.39
430000           -75.7319578097   -2.2662335546e-06   -2.5541477551e-07      -75.7319603313        7.7725e-06       26168955     1197215160   2347.74
440000           -75.7319579090   -2.1794405179e-06   -2.4637367968e-07      -75.7319603348        9.2558e-06       26775892     1198596622   2403.02
450000           -75.7319580031   -2.0975863190e-06   -2.3776814901e-07      -75.7319603385        7.0712e-06       27381945     1199851435   2457.92
460000           -75.7319580918   -2.0203392625e-06   -2.2967140351e-07      -75.7319603418        9.2067e-06       27988393     1200984394   2511.28
470000           -75.7319581759   -1.9471382391e-06   -2.2191837248e-07      -75.7319603449        8.3426e-06       28594538     1202025303   2564.83
480000           -75.7319582553   -1.8781081488e-06   -2.1446102363e-07      -75.7319603478        5.0287e-06       29200133     1202971700   2618.23
490000           -75.7319583305   -1.8125709055e-06   -2.0748805023e-07      -75.7319603506        6.6843e-06       29806254     1203847715   2671.48
500000           -75.7319584019   -1.7505516674e-06   -2.0078997331e-07      -75.7319603533        7.2479e-06       30411819     1204654003   2725.06
510000           -75.7319584696   -1.6915499874e-06   -1.9454405865e-07      -75.7319603557        6.5658e-06       31017837     1205400155   2778.40
520000           -75.7319585336   -1.6357802897e-06   -1.8864729132e-07      -75.7319603580        6.8761e-06       31624190     1206086750   2831.91
530000           -75.7319585948   -1.5824839566e-06   -1.8296570318e-07      -75.7319603602        6.0726e-06       32230103     1206734117   2885.25
540000           -75.7319586530   -1.5319034363e-06   -1.7753282967e-07      -75.7319603624        5.7781e-06       32835789     1207338361   2938.41
550000           -75.7319587084   -1.4836318450e-06   -1.7233692811e-07      -75.7319603644        6.6644e-06       33441473     1207905885   2992.15
560000           -75.7319587613   -1.4375706196e-06   -1.6739872524e-07      -75.7319603662        5.9912e-06       34047334     1208437202   3046.14
570000           -75.7319588117   -1.3937131085e-06   -1.6266285979e-07      -75.7319603680        5.1588e-06       34653044     1208935179   3099.55
580000           -75.7319588597   -1.3519796831e-06   -1.5809475915e-07      -75.7319603698        6.5318e-06       35258294     1209399177   3152.62
590000           -75.7319589058   -1.3118755966e-06   -1.5368206548e-07      -75.7319603713        6.0157e-06       35863416     1209841695   3205.78
600000           -75.7319589498   -1.2736707319e-06   -1.4952314398e-07      -75.7319603730        4.0856e-06       36468689     1210268588   3259.38
610000           -75.7319589919   -1.2370484282e-06   -1.4553112873e-07      -75.7319603745        5.3479e-06       37074099     1210687361   3312.71
620000           -75.7319590323   -1.2019719484e-06   -1.4168424824e-07      -75.7319603759        3.9869e-06       37679277     1211096282   3366.35
630000           -75.7319590709   -1.1684155278e-06   -1.3798839189e-07      -75.7319603773        5.4923e-06       38284330     1211495223   3419.45
640000           -75.7319591079   -1.1361534770e-06   -1.3447486494e-07      -75.7319603786        4.1607e-06       38889835     1211894808   3472.77
650000           -75.7319591436   -1.1052619005e-06   -1.3097428686e-07      -75.7319603798        5.2482e-06       39494259     1212290458   3526.34
660000           -75.7319591776   -1.0756312706e-06   -1.2771875639e-07      -75.7319603810        4.5108e-06       40099357     1212680341   3579.63
670000           -75.7319592103   -1.0472709963e-06   -1.2453329026e-07      -75.7319603821        3.9254e-06       40704180     1213067176   3633.14
680000           -75.7319592419   -1.0198901396e-06   -1.2147918157e-07      -75.7319603832        4.0447e-06       41308898     1213450093   3686.26
690000           -75.7319592722   -9.9356465661e-07   -1.1856092915e-07      -75.7319603843        3.8927e-06       41913679     1213828945   3739.70
700000           -75.7319593012   -9.6821585115e-07   -1.1578547012e-07      -75.7319603852        4.0293e-06       42518764     1214200871   3793.41
710000           -75.7319593293   -9.4385217348e-07   -1.1306527686e-07      -75.7319603862        2.8275e-06       43123088     1214563168   3846.79
720000           -75.7319593563   -9.2042809450e-07   -1.1041207101e-07      -75.7319603871        3.1144e-06       43727425     1214909971   3900.54
730000           -75.7319593823   -8.9781527940e-07   -1.0787408626e-07      -75.7319603880        4.1606e-06       44331978     1215238871   3953.72
740000           -75.7319594074   -8.7609259695e-07   -1.0541447004e-07      -75.7319603889        3.4054e-06       44936137     1215554742   4007.08
750000           -75.7319594316   -8.5510461722e-07   -1.0303293483e-07      -75.7319603897        2.8340e-06       45540118     1215853302   4060.74
760000           -75.7319594549   -8.3480770689e-07   -1.0075154817e-07      -75.7319603905        4.0201e-06       46144521     1216135854   4114.13
770000           -75.7319594774   -8.1531177291e-07   -9.8543391777e-08      -75.7319603913        3.6819e-06       46748609     1216401283   4167.89
780000           -75.7319594991   -7.9644484838e-07   -9.6405460714e-08      -75.7319603919        3.0065e-06       47352785     1216654154   4221.33
790000           -75.7319595202   -7.7820828829e-07   -9.4326556328e-08      -75.7319603927        3.0265e-06       47956693     1216889861   4274.87
800000           -75.7319595405   -7.6053454879e-07   -9.2330816407e-08      -75.7319603933        3.9936e-06       48560928     1217109511   4328.69
Final FCI Energy:           -75.7319595404617161
Iterations: 800000
     Energy Estimate: 0.25 seconds
Wave Function Update: 2922.34 seconds
   Coordinate Update: 341.24 seconds
     Coordinate Pick: 1042.34 seconds
Saved benchmark: /home/yjzhang/codes/cdfci/perturbation/CDFCI/experiment_results/energy_correction/1007783/c2_ccpvdz/05_large_scale_with_timings.json
[Benchmark] raw CDFCI iterations=200
CDFCI calculation
-----------------
Reference determinant occupied spin-orbitals:
0  1  2  3  4  5  30  31  32  33  50  51  
Reference energy: -75.4168819660

Iteration                Energy                 PT2               Olsen               Ecorr                dx          |x|_0          |z|_0      Time
200              -75.7011813893    0.0000000000e+00    0.0000000000e+00        0.0000000000        7.6057e-02           6916        7687302      1.41
Final FCI Energy:           -75.7011813893013112
Iterations: 200
     Energy Estimate: 0.00 seconds
Wave Function Update: 1.09 seconds
   Coordinate Update: 0.09 seconds
     Coordinate Pick: 0.23 seconds
[Benchmark] IP/PT2 iterations=800000
CDFCI calculation
-----------------
Reference determinant occupied spin-orbitals:
0  1  2  3  4  5  30  31  32  33  50  51  
Reference energy: -75.4168819660

Iteration                Energy                 PT2               Olsen               Ecorr                dx          |x|_0          |z|_0      Time
10000            -75.7314691347   -4.3245402366e-04    0.0000000000e+00      -75.7319015888        8.8153e-04         598226      241089425     54.97
20000            -75.7317416346   -1.9256473653e-04    0.0000000000e+00      -75.7319341994        4.1047e-04        1209981      373728376    108.11
30000            -75.7318288296   -1.1561460165e-04    0.0000000000e+00      -75.7319444442        2.2036e-04        1821816      475160631    160.89
40000            -75.7318699860   -7.9436590674e-05    0.0000000000e+00      -75.7319494225        1.9529e-04        2432508      558312717    213.38
50000            -75.7318932596   -5.9003839838e-05    0.0000000000e+00      -75.7319522634        1.5527e-04        3042964      628663318    265.34
60000            -75.7319079804   -4.6049286227e-05    0.0000000000e+00      -75.7319540297        1.1422e-04        3653941      688994083    317.58
70000            -75.7319180176   -3.7216862345e-05    0.0000000000e+00      -75.7319552344        1.0366e-04        4264684      741554438    369.42
80000            -75.7319252317   -3.0867593309e-05    0.0000000000e+00      -75.7319560993        7.6249e-05        4875468      788205873    421.27
90000            -75.7319306393   -2.6120228680e-05    0.0000000000e+00      -75.7319567595        7.3544e-05        5485990      829370166    472.87
100000           -75.7319348125   -2.2446500294e-05    0.0000000000e+00      -75.7319572590        4.8080e-05        6096664      866073841    524.46
110000           -75.7319381166   -1.9540843534e-05    0.0000000000e+00      -75.7319576574        5.3054e-05        6707010      898788014    576.17
120000           -75.7319407861   -1.7196943487e-05    0.0000000000e+00      -75.7319579830        4.4361e-05        7316957      928077855    627.48
130000           -75.7319429730   -1.5272350202e-05    0.0000000000e+00      -75.7319582454        3.2144e-05        7927073      954551289    678.75
140000           -75.7319447984   -1.3670460692e-05    0.0000000000e+00      -75.7319584689        4.0088e-05        8536780      978508430    730.14
150000           -75.7319463376   -1.2317441436e-05    0.0000000000e+00      -75.7319586551        2.9725e-05        9146481     1000252797    781.35
160000           -75.7319476455   -1.1168601512e-05    0.0000000000e+00      -75.7319588141        3.3076e-05        9756360     1019893814    832.55
170000           -75.7319487735   -1.0178827494e-05    0.0000000000e+00      -75.7319589523        2.6114e-05       10365807     1037697527    883.92
180000           -75.7319497497   -9.3190421388e-06    0.0000000000e+00      -75.7319590688        1.7967e-05       10975879     1053858402    934.88
190000           -75.7319506047   -8.5700540453e-06    0.0000000000e+00      -75.7319591748        1.9997e-05       11585063     1068405566    985.81
200000           -75.7319513576   -7.9099162630e-06    0.0000000000e+00      -75.7319592675        2.5794e-05       12194317     1081426937   1036.84
210000           -75.7319520211   -7.3266769513e-06    0.0000000000e+00      -75.7319593478        2.0074e-05       12803612     1093035088   1087.68
220000           -75.7319526148   -6.8069914769e-06    0.0000000000e+00      -75.7319594218        2.5610e-05       13412326     1103569470   1138.52
230000           -75.7319531459   -6.3421590765e-06    0.0000000000e+00      -75.7319594880        1.6619e-05       14020861     1113095261   1189.46
240000           -75.7319536206   -5.9254900342e-06    0.0000000000e+00      -75.7319595461        1.6590e-05       14629664     1121742908   1240.10
250000           -75.7319540500   -5.5496823844e-06    0.0000000000e+00      -75.7319595997        1.8147e-05       15238036     1129545575   1290.85
260000           -75.7319544381   -5.2098949434e-06    0.0000000000e+00      -75.7319596480        1.8212e-05       15846450     1136686155   1341.53
270000           -75.7319547913   -4.9011867033e-06    0.0000000000e+00      -75.7319596925        2.1267e-05       16454451     1143234898   1392.11
280000           -75.7319551117   -4.6209057122e-06    0.0000000000e+00      -75.7319597326        9.5452e-06       17062599     1149238627   1442.73
290000           -75.7319554050   -4.3640736520e-06    0.0000000000e+00      -75.7319597690        1.2432e-05       17670830     1154799163   1493.55
300000           -75.7319556742   -4.1291460371e-06    0.0000000000e+00      -75.7319598033        1.1872e-05       18278611     1159884838   1544.04
310000           -75.7319559216   -3.9133777624e-06    0.0000000000e+00      -75.7319598349        1.2203e-05       18885791     1164527506   1594.69
320000           -75.7319561491   -3.7140594533e-06    0.0000000000e+00      -75.7319598632        1.2538e-05       19493729     1168778058   1645.20
330000           -75.7319563598   -3.5304366892e-06    0.0000000000e+00      -75.7319598903        1.2029e-05       20100983     1172663378   1695.66
340000           -75.7319565548   -3.3601941721e-06    0.0000000000e+00      -75.7319599150        1.1420e-05       20708346     1176231695   1746.05
350000           -75.7319567357   -3.2022937763e-06    0.0000000000e+00      -75.7319599380        1.0464e-05       21315157     1179500438   1796.73
360000           -75.7319569042   -3.0557203553e-06    0.0000000000e+00      -75.7319599599        1.0130e-05       21921874     1182476695   1847.06
370000           -75.7319570607   -2.9191518461e-06    0.0000000000e+00      -75.7319599799        1.1824e-05       22528765     1185209046   1897.27
380000           -75.7319572068   -2.7917588507e-06    0.0000000000e+00      -75.7319599985        9.3409e-06       23135605     1187702722   1947.89
390000           -75.7319573430   -2.6726376805e-06    0.0000000000e+00      -75.7319600156        1.0686e-05       23742734     1189971771   2000.49
400000           -75.7319574711   -2.5612794247e-06    0.0000000000e+00      -75.7319600324        7.5518e-06       24349100     1192055558   2051.79
410000           -75.7319575912   -2.4565701788e-06    0.0000000000e+00      -75.7319600478        7.6633e-06       24955815     1193964014   2102.86
420000           -75.7319577037   -2.3585012234e-06    0.0000000000e+00      -75.7319600622        7.7952e-06       25562626     1195674953   2153.42
430000           -75.7319578094   -2.2663199651e-06    0.0000000000e+00      -75.7319600757        1.0288e-05       26169188     1197210703   2204.06
440000           -75.7319579092   -2.1795473185e-06    0.0000000000e+00      -75.7319600888        8.4217e-06       26775532     1198596620   2255.22
450000           -75.7319580032   -2.0976407593e-06    0.0000000000e+00      -75.7319601009        5.7886e-06       27381778     1199850713   2306.38
460000           -75.7319580918   -2.0203253629e-06    0.0000000000e+00      -75.7319601121        7.0101e-06       27988350     1200987361   2357.22
470000           -75.7319581758   -1.9471165576e-06    0.0000000000e+00      -75.7319601230        6.2776e-06       28594500     1202025767   2408.24
480000           -75.7319582553   -1.8781108630e-06    0.0000000000e+00      -75.7319601334        8.1474e-06       29200111     1202972184   2459.18
490000           -75.7319583306   -1.8126078347e-06    0.0000000000e+00      -75.7319601432        6.0733e-06       29806136     1203848350   2509.64
500000           -75.7319584019   -1.7504971649e-06    0.0000000000e+00      -75.7319601524        7.3594e-06       30412046     1204656579   2560.13
510000           -75.7319584695   -1.6915957383e-06    0.0000000000e+00      -75.7319601611        6.6334e-06       31017908     1205399953   2612.16
520000           -75.7319585336   -1.6357326656e-06    0.0000000000e+00      -75.7319601693        6.9179e-06       31624202     1206087185   2663.75
530000           -75.7319585949   -1.5824743046e-06    0.0000000000e+00      -75.7319601774        7.6809e-06       32229817     1206735316   2715.12
540000           -75.7319586529   -1.5318791076e-06    0.0000000000e+00      -75.7319601848        4.7059e-06       32835881     1207339323   2766.60
550000           -75.7319587084   -1.4836657562e-06    0.0000000000e+00      -75.7319601921        5.2675e-06       33441328     1207907370   2817.53
560000           -75.7319587613   -1.4375833130e-06    0.0000000000e+00      -75.7319601988        8.2434e-06       34047330     1208437992   2869.00
570000           -75.7319588117   -1.3937573776e-06    0.0000000000e+00      -75.7319602055        5.8763e-06       34652763     1208934719   2921.16
580000           -75.7319588597   -1.3519740380e-06    0.0000000000e+00      -75.7319602117        5.0755e-06       35258392     1209399134   2972.83
590000           -75.7319589058   -1.3119712306e-06    0.0000000000e+00      -75.7319602178        5.9002e-06       35863085     1209841368   3024.27
600000           -75.7319589498   -1.2736557336e-06    0.0000000000e+00      -75.7319602235        5.1508e-06       36468608     1210269796   3076.88
610000           -75.7319589919   -1.2370318526e-06    0.0000000000e+00      -75.7319602290        5.2297e-06       37073972     1210688215   3128.87
620000           -75.7319590323   -1.2019748820e-06    0.0000000000e+00      -75.7319602343        4.4603e-06       37679126     1211096491   3180.53
630000           -75.7319590709   -1.1683998427e-06    0.0000000000e+00      -75.7319602393        5.2508e-06       38284283     1211495616   3231.53
640000           -75.7319591080   -1.1361597323e-06    0.0000000000e+00      -75.7319602442        3.8500e-06       38889401     1211895636   3282.69
650000           -75.7319591435   -1.1052731570e-06    0.0000000000e+00      -75.7319602488        5.2450e-06       39494228     1212291010   3333.62
660000           -75.7319591777   -1.0756693413e-06    0.0000000000e+00      -75.7319602533        4.7810e-06       40099198     1212680515   3384.52
670000           -75.7319592104   -1.0472274373e-06    0.0000000000e+00      -75.7319602577        4.3786e-06       40704092     1213068211   3436.09
680000           -75.7319592418   -1.0198825617e-06    0.0000000000e+00      -75.7319602617        4.0667e-06       41309115     1213450677   3486.86
690000           -75.7319592721   -9.9355411103e-07    0.0000000000e+00      -75.7319602657        2.8348e-06       41913851     1213830160   3538.60
700000           -75.7319593012   -9.6819339170e-07    0.0000000000e+00      -75.7319602694        4.0252e-06       42519013     1214202178   3590.90
710000           -75.7319593293   -9.4385585432e-07    0.0000000000e+00      -75.7319602731        3.6192e-06       43123104     1214564165   3642.38
720000           -75.7319593563   -9.2040483523e-07    0.0000000000e+00      -75.7319602767        3.9604e-06       43727473     1214910233   3693.83
730000           -75.7319593823   -8.9784496039e-07    0.0000000000e+00      -75.7319602802        4.5295e-06       44331475     1215239434   3745.76
740000           -75.7319594074   -8.7608445143e-07    0.0000000000e+00      -75.7319602835        3.4520e-06       44935933     1215555486   3797.59
750000           -75.7319594316   -8.5508257744e-07    0.0000000000e+00      -75.7319602867        3.4474e-06       45540031     1215854265   3849.68
760000           -75.7319594549   -8.3481829113e-07    0.0000000000e+00      -75.7319602897        3.4937e-06       46144384     1216135608   3902.55
770000           -75.7319594774   -8.1531310074e-07    0.0000000000e+00      -75.7319602927        4.0527e-06       46748665     1216402667   3955.49
780000           -75.7319594992   -7.9643875423e-07    0.0000000000e+00      -75.7319602956        2.9451e-06       47352343     1216653902   4008.08
790000           -75.7319595201   -7.7818459624e-07    0.0000000000e+00      -75.7319602983        5.4242e-06       47956838     1216890065   4060.98
800000           -75.7319595404   -7.6054658998e-07    0.0000000000e+00      -75.7319603010        3.7533e-06       48560890     1217109334   4115.11
Final FCI Energy:           -75.7319595404212009
Iterations: 800000
     Energy Estimate: 0.22 seconds
Wave Function Update: 2746.18 seconds
   Coordinate Update: 339.20 seconds
     Coordinate Pick: 1027.19 seconds
IP/PT2: 4147.630372 seconds
Saved ip-only: /home/yjzhang/codes/cdfci/perturbation/CDFCI/experiment_results/energy_correction/1007783/c2_ccpvdz/05_ip_only.json
{
  "runs": [
    {
      "mode": "raw",
      "solver_seconds": 3857.503819951,
      "variational_energy": -75.73195954044031,
      "correction_seconds": 0.0,
      "correction_evaluations": 0
    },
    {
      "mode": "ip",
      "solver_seconds": 4147.630371951,
      "variational_energy": -75.7319595404212,
      "correction_seconds": 0.000184425,
      "correction_evaluations": 80
    },
    {
      "mode": "ip+olsen",
      "solver_seconds": 4360.901221987,
      "variational_energy": -75.73195954046172,
      "correction_seconds": 20.220554345000004,
      "correction_evaluations": 80
    }
  ],
  "ip_overhead_vs_raw": 0.07521095649976184,
  "olsen_overhead_vs_ip": 0.051419926779946,
  "total_overhead_vs_raw": 0.1304982251559752,
  "timing_note": "Same allocation, one solve per variant; report I/O included. Fixed order raw, IP+Olsen, IP."
}
{
  "fcidump": "/home/yjzhang/codes/cdfci/perturbation/CDFCI/data/c2_ccpvdz_psi4.FCIDUMP",
  "spatial_orbitals": 28,
  "spin_orbitals": 56,
  "electrons": 12,
  "fixed_ms_determinant_dimension": "141933027600",
  "reference_energy": -75.7319603747,
  "reference_kind": "supplied",
  "trajectory_stored_reference_energy": -75.7319603747,
  "reference_iterations": null,
  "reference_tail_energy_change": null,
  "trajectory_points": 80,
  "plot_reference_resolution_floor_hartree": 1e-07,
  "invalid_correction_points": 0,
  "improved_point_fraction": 1.0,
  "overshoot_points": 19,
  "first_overshoot_iteration": 620000,
  "median_relative_runtime_overhead": 0.13049822515597523,
  "paired_relative_runtime_overheads": [
    0.13049822515597523
  ],
  "trajectory_overhead_definition": "(corrected wall time - raw wall time) / corrected wall time",
  "final_cumulative_trajectory_overhead": 0.11646986813990803,
  "direct_correction_seconds": 20.220554345000004,
  "direct_relative_runtime_overhead": 0.004658383302816069,
  "max_paired_variational_energy_difference": 2.8015563202643534e-09,
  "target_tolerances": [
    {
      "tolerance_hartree": 0.001,
      "raw_iteration": 10000,
      "corrected_iteration": 10000,
      "raw_hamiltonian_columns": 639937,
      "corrected_hamiltonian_columns": 639937,
      "raw_wall_seconds": 52.00022514,
      "corrected_wall_seconds": 55.521428353,
      "iteration_speedup": 1.0,
      "wall_time_speedup": 0.9365793835379644,
      "reference_tail_below_tenth_tolerance": "unknown"
    },
    {
      "tolerance_hartree": 0.0001,
      "raw_iteration": 40000,
      "corrected_iteration": 10000,
      "raw_hamiltonian_columns": 2559937,
      "corrected_hamiltonian_columns": 639937,
      "raw_wall_seconds": 204.017884917,
      "corrected_wall_seconds": 55.521428353,
      "iteration_speedup": 4.0,
      "wall_time_speedup": 3.6745791844524165,
      "reference_tail_below_tenth_tolerance": "unknown"
    },
    {
      "tolerance_hartree": 1e-05,
      "raw_iteration": 190000,
      "corrected_iteration": 30000,
      "raw_hamiltonian_columns": 12159937,
      "corrected_hamiltonian_columns": 1919937,
      "raw_wall_seconds": 937.911511501,
      "corrected_wall_seconds": 165.031877675,
      "iteration_speedup": 6.333333333333333,
      "wall_time_speedup": 5.683214205124931,
      "reference_tail_below_tenth_tolerance": "unknown"
    },
    {
      "tolerance_hartree": 1e-06,
      "raw_iteration": 730000,
      "corrected_iteration": 110000,
      "raw_hamiltonian_columns": 46719937,
      "corrected_hamiltonian_columns": 7039937,
      "raw_wall_seconds": 3496.073153545,
      "corrected_wall_seconds": 598.339946508,
      "iteration_speedup": 6.636363636363637,
      "wall_time_speedup": 5.842954617936839,
      "reference_tail_below_tenth_tolerance": "unknown"
    }
  ]
}
{
  "ip_seconds": 4147.630371951,
  "ip_olsen_seconds": 4360.901221987,
  "olsen_extra_wall_seconds": 213.2708500360004,
  "olsen_relative_overhead": 0.05141992677994595,
  "overhead_definition": "(IP+Olsen total seconds - IP total seconds) / IP total seconds",
  "ip_report_seconds": 0.000184425,
  "ip_olsen_report_seconds": 20.220554345000004,
  "report_timer_difference_seconds": 20.220369920000003,
  "trajectory_points": 80,
  "max_variational_energy_difference_hartree": 3.1895979191176593e-09,
  "target_tolerances": [
    {
      "tolerance_hartree": 0.0001,
      "ip_iteration": 10000,
      "ip_olsen_iteration": 10000,
      "ip_seconds": 54.969089205,
      "ip_olsen_seconds": 55.521428353,
      "wall_time_speedup": 0.9900517842500688
    },
    {
      "tolerance_hartree": 1e-05,
      "ip_iteration": 50000,
      "ip_olsen_iteration": 30000,
      "ip_seconds": 265.339605325,
      "ip_olsen_seconds": 165.031877675,
      "wall_time_speedup": 1.6078081947751794
    },
    {
      "tolerance_hartree": 1e-06,
      "ip_iteration": 220000,
      "ip_olsen_iteration": 110000,
      "ip_seconds": 1138.520835079,
      "ip_olsen_seconds": 598.339946508,
      "wall_time_speedup": 1.9027993061863497
    }
  ],
  "timing_note": "One run per variant; cross-job differences also include node load and OpenMP variation. Report timers exclude per-update cache maintenance.",
  "ip_input": "/home/yjzhang/codes/cdfci/perturbation/CDFCI/experiment_results/energy_correction/1007783/c2_ccpvdz/05_ip_only.json",
  "ip_olsen_input": "/home/yjzhang/codes/cdfci/perturbation/CDFCI/experiment_results/energy_correction/1007783/c2_ccpvdz/05_large_scale_with_timings.json"
}
finished=2026-10-10 04:15:24 +0000 results=/home/yjzhang/codes/cdfci/perturbation/CDFCI/experiment_results/energy_correction/1007783
